<!DOCTYPE html>
<html>
<head>
  <title>gulp-inject</title>
  <!-- inject:html -->
  <!-- endinject -->
  <!-- inject:css -->
  <link rel="stylesheet" href="/fixtures/styles.css" test>
  <!-- endinject -->
</head>
<body>
  <!-- inject:png -->
  <!-- endinject -->

  <!-- inject:js -->
  <script src="/fixtures/lib.js" test></script>
  <!-- endinject -->

  <!-- inject:jsx -->
  <!-- endinject -->
</body>
</html>
