<!DOCTYPE html>
<html>
<head>
  <title>gulp-inject</title>
  <link rel="stylesheet" href="/style.css">
</head>
<body>
  <script src="/lib.js"></script>
  <script src="/lib2.js"></script>
</body>
</html>