<!DOCTYPE html>
<html>
<head>
  <title>gulp-inject</title>
  <link rel="stylesheet" href="/style.css">
</head>
<body>
  <script>
    let css = '<link rel="stylesheet" href="/style.css">'
  </script>
</body>
</html>