<!DOCTYPE html>
<html>
<head>
  <title>gulp-inject</title>
  <!-- inject:css -->
  <link rel="stylesheet" href="/style.css">
</head>
<body>
  <!-- inject:js -->
  <script src="/lib.js"></script>
  <script src="/lib2.js"></script>
</body>
</html>